[2026-06-24 10:59:51] [INFO] Created directory: bootstrap
[2026-06-24 10:59:51] [INFO] Created directory: public
[2026-06-24 10:59:51] [INFO] Created directory: public/src
[2026-06-24 10:59:51] [INFO] Created directory: public/src/css
[2026-06-24 10:59:51] [INFO] Created directory: public/src/js
[2026-06-24 10:59:51] [INFO] Created directory: routes
[2026-06-24 10:59:51] [INFO] Created directory: resources/views
[2026-06-24 10:59:51] [INFO] Created directory: resources/views/layouts
[2026-06-24 10:59:51] [INFO] Created directory: resources/views/partials
[2026-06-24 10:59:51] [INFO] Created directory: database
[2026-06-24 10:59:51] [INFO] Created directory: database/factories
[2026-06-24 10:59:51] [INFO] Created directory: database/migrations
[2026-06-24 10:59:51] [INFO] Created directory: database/seeders
[2026-06-24 10:59:51] [INFO] Created directory: storage
[2026-06-24 10:59:51] [INFO] Created directory: storage/app
[2026-06-24 10:59:51] [INFO] Created directory: storage/store
[2026-06-24 10:59:51] [INFO] Created directory: storage/framework
[2026-06-24 10:59:51] [INFO] Created directory: storage/framework/queue
[2026-06-24 10:59:51] [INFO] Created directory: storage/session
[2026-06-24 10:59:51] [INFO] Created directory: storage/cache
[2026-06-24 10:59:51] [INFO] Created directory: storage/logs
[2026-06-24 10:59:51] [INFO] Created directory: storage/logs/reports
[2026-06-24 10:59:51] [INFO] Created directory: storage/logs/events
[2026-06-24 10:59:51] [INFO] Created directory: app
[2026-06-24 10:59:51] [INFO] Created directory: app/Controllers
[2026-06-24 10:59:51] [INFO] Created directory: app/Middleware
[2026-06-24 10:59:51] [INFO] Created directory: app/Model
[2026-06-24 10:59:51] [INFO] Created directory: app/Providers
[2026-06-24 10:59:51] [INFO] Created directory: app/Queue/Drivers
[2026-06-24 10:59:51] [INFO] Created directory: tests/Unit
[2026-06-24 10:59:51] [INFO] Created directory: tests/Features
[2026-06-24 10:59:51] [INFO] Created directory: config
[2026-06-24 10:59:51] [INFO] Created directory: config/services
[2026-06-24 10:59:51] [INFO] .env file created with secure permissions
[2026-06-24 11:00:08] [SUCCESS] Installation completed successfully
